[10-May-2026 07:10:02 UTC] PHP Fatal error:  Uncaught Error: Call to undefined function get_field() in C:\xampp\htdocs\cs2025\wp-content\themes\coderscotch\header.php:115
Stack trace:
#0 C:\xampp\htdocs\cs2025\wp-includes\template.php(814): require_once()
#1 C:\xampp\htdocs\cs2025\wp-includes\template.php(749): load_template('C:\\xampp\\htdocs...', true, Array)
#2 C:\xampp\htdocs\cs2025\wp-includes\general-template.php(48): locate_template(Array, true, true, Array)
#3 C:\xampp\htdocs\cs2025\wp-content\themes\coderscotch\template-parts\home.php(3): get_header()
#4 C:\xampp\htdocs\cs2025\wp-includes\template-loader.php(132): include('C:\\xampp\\htdocs...')
#5 C:\xampp\htdocs\cs2025\wp-blog-header.php(19): require_once('C:\\xampp\\htdocs...')
#6 C:\xampp\htdocs\cs2025\index.php(17): require('C:\\xampp\\htdocs...')
#7 {main}
  thrown in C:\xampp\htdocs\cs2025\wp-content\themes\coderscotch\header.php on line 115
[10-May-2026 07:10:03 UTC] PHP Fatal error:  Uncaught Error: Call to undefined function get_field() in C:\xampp\htdocs\cs2025\wp-content\themes\coderscotch\header.php:115
Stack trace:
#0 C:\xampp\htdocs\cs2025\wp-includes\template.php(814): require_once()
#1 C:\xampp\htdocs\cs2025\wp-includes\template.php(749): load_template('C:\\xampp\\htdocs...', true, Array)
#2 C:\xampp\htdocs\cs2025\wp-includes\general-template.php(48): locate_template(Array, true, true, Array)
#3 C:\xampp\htdocs\cs2025\wp-content\themes\coderscotch\template-parts\home.php(3): get_header()
#4 C:\xampp\htdocs\cs2025\wp-includes\template-loader.php(132): include('C:\\xampp\\htdocs...')
#5 C:\xampp\htdocs\cs2025\wp-blog-header.php(19): require_once('C:\\xampp\\htdocs...')
#6 C:\xampp\htdocs\cs2025\index.php(17): require('C:\\xampp\\htdocs...')
#7 {main}
  thrown in C:\xampp\htdocs\cs2025\wp-content\themes\coderscotch\header.php on line 115
[10-May-2026 07:10:48 UTC] PHP Fatal error:  Uncaught Error: Call to undefined function get_field() in C:\xampp\htdocs\cs2025\wp-content\themes\coderscotch\header.php:115
Stack trace:
#0 C:\xampp\htdocs\cs2025\wp-includes\template.php(814): require_once()
#1 C:\xampp\htdocs\cs2025\wp-includes\template.php(749): load_template('C:\\xampp\\htdocs...', true, Array)
#2 C:\xampp\htdocs\cs2025\wp-includes\general-template.php(48): locate_template(Array, true, true, Array)
#3 C:\xampp\htdocs\cs2025\wp-content\themes\coderscotch\template-parts\home.php(3): get_header()
#4 C:\xampp\htdocs\cs2025\wp-includes\template-loader.php(132): include('C:\\xampp\\htdocs...')
#5 C:\xampp\htdocs\cs2025\wp-blog-header.php(19): require_once('C:\\xampp\\htdocs...')
#6 C:\xampp\htdocs\cs2025\index.php(17): require('C:\\xampp\\htdocs...')
#7 {main}
  thrown in C:\xampp\htdocs\cs2025\wp-content\themes\coderscotch\header.php on line 115
[10-May-2026 07:12:20 UTC] PHP Fatal error:  Uncaught Error: Call to undefined function get_field() in C:\xampp\htdocs\cs2025\wp-content\themes\coderscotch\header.php:115
Stack trace:
#0 C:\xampp\htdocs\cs2025\wp-includes\template.php(814): require_once()
#1 C:\xampp\htdocs\cs2025\wp-includes\template.php(749): load_template('C:\\xampp\\htdocs...', true, Array)
#2 C:\xampp\htdocs\cs2025\wp-includes\general-template.php(48): locate_template(Array, true, true, Array)
#3 C:\xampp\htdocs\cs2025\wp-content\themes\coderscotch\template-parts\home.php(3): get_header()
#4 C:\xampp\htdocs\cs2025\wp-includes\template-loader.php(132): include('C:\\xampp\\htdocs...')
#5 C:\xampp\htdocs\cs2025\wp-blog-header.php(19): require_once('C:\\xampp\\htdocs...')
#6 C:\xampp\htdocs\cs2025\index.php(17): require('C:\\xampp\\htdocs...')
#7 {main}
  thrown in C:\xampp\htdocs\cs2025\wp-content\themes\coderscotch\header.php on line 115
[10-May-2026 07:12:22 UTC] PHP Fatal error:  Uncaught Error: Call to undefined function get_field() in C:\xampp\htdocs\cs2025\wp-content\themes\coderscotch\header.php:115
Stack trace:
#0 C:\xampp\htdocs\cs2025\wp-includes\template.php(814): require_once()
#1 C:\xampp\htdocs\cs2025\wp-includes\template.php(749): load_template('C:\\xampp\\htdocs...', true, Array)
#2 C:\xampp\htdocs\cs2025\wp-includes\general-template.php(48): locate_template(Array, true, true, Array)
#3 C:\xampp\htdocs\cs2025\wp-content\themes\coderscotch\template-parts\home.php(3): get_header()
#4 C:\xampp\htdocs\cs2025\wp-includes\template-loader.php(132): include('C:\\xampp\\htdocs...')
#5 C:\xampp\htdocs\cs2025\wp-blog-header.php(19): require_once('C:\\xampp\\htdocs...')
#6 C:\xampp\htdocs\cs2025\index.php(17): require('C:\\xampp\\htdocs...')
#7 {main}
  thrown in C:\xampp\htdocs\cs2025\wp-content\themes\coderscotch\header.php on line 115
[10-May-2026 07:12:23 UTC] PHP Fatal error:  Uncaught Error: Call to undefined function get_field() in C:\xampp\htdocs\cs2025\wp-content\themes\coderscotch\header.php:115
Stack trace:
#0 C:\xampp\htdocs\cs2025\wp-includes\template.php(814): require_once()
#1 C:\xampp\htdocs\cs2025\wp-includes\template.php(749): load_template('C:\\xampp\\htdocs...', true, Array)
#2 C:\xampp\htdocs\cs2025\wp-includes\general-template.php(48): locate_template(Array, true, true, Array)
#3 C:\xampp\htdocs\cs2025\wp-content\themes\coderscotch\template-parts\home.php(3): get_header()
#4 C:\xampp\htdocs\cs2025\wp-includes\template-loader.php(132): include('C:\\xampp\\htdocs...')
#5 C:\xampp\htdocs\cs2025\wp-blog-header.php(19): require_once('C:\\xampp\\htdocs...')
#6 C:\xampp\htdocs\cs2025\index.php(17): require('C:\\xampp\\htdocs...')
#7 {main}
  thrown in C:\xampp\htdocs\cs2025\wp-content\themes\coderscotch\header.php on line 115
[10-May-2026 07:12:34 UTC] PHP Fatal error:  Uncaught Error: Call to undefined function get_field() in C:\xampp\htdocs\cs2025\wp-content\themes\coderscotch\header.php:115
Stack trace:
#0 C:\xampp\htdocs\cs2025\wp-includes\template.php(814): require_once()
#1 C:\xampp\htdocs\cs2025\wp-includes\template.php(749): load_template('C:\\xampp\\htdocs...', true, Array)
#2 C:\xampp\htdocs\cs2025\wp-includes\general-template.php(48): locate_template(Array, true, true, Array)
#3 C:\xampp\htdocs\cs2025\wp-content\themes\coderscotch\template-parts\home.php(3): get_header()
#4 C:\xampp\htdocs\cs2025\wp-includes\template-loader.php(132): include('C:\\xampp\\htdocs...')
#5 C:\xampp\htdocs\cs2025\wp-blog-header.php(19): require_once('C:\\xampp\\htdocs...')
#6 C:\xampp\htdocs\cs2025\index.php(17): require('C:\\xampp\\htdocs...')
#7 {main}
  thrown in C:\xampp\htdocs\cs2025\wp-content\themes\coderscotch\header.php on line 115
[10-May-2026 07:13:19 UTC] PHP Fatal error:  Uncaught Error: Call to undefined function get_field() in C:\xampp\htdocs\cs2025\wp-content\themes\coderscotch\header.php:115
Stack trace:
#0 C:\xampp\htdocs\cs2025\wp-includes\template.php(814): require_once()
#1 C:\xampp\htdocs\cs2025\wp-includes\template.php(749): load_template('C:\\xampp\\htdocs...', true, Array)
#2 C:\xampp\htdocs\cs2025\wp-includes\general-template.php(48): locate_template(Array, true, true, Array)
#3 C:\xampp\htdocs\cs2025\wp-content\themes\coderscotch\template-parts\home.php(3): get_header()
#4 C:\xampp\htdocs\cs2025\wp-includes\template-loader.php(132): include('C:\\xampp\\htdocs...')
#5 C:\xampp\htdocs\cs2025\wp-blog-header.php(19): require_once('C:\\xampp\\htdocs...')
#6 C:\xampp\htdocs\cs2025\index.php(17): require('C:\\xampp\\htdocs...')
#7 {main}
  thrown in C:\xampp\htdocs\cs2025\wp-content\themes\coderscotch\header.php on line 115
[10-May-2026 07:13:20 UTC] PHP Fatal error:  Uncaught Error: Call to undefined function get_field() in C:\xampp\htdocs\cs2025\wp-content\themes\coderscotch\header.php:115
Stack trace:
#0 C:\xampp\htdocs\cs2025\wp-includes\template.php(814): require_once()
#1 C:\xampp\htdocs\cs2025\wp-includes\template.php(749): load_template('C:\\xampp\\htdocs...', true, Array)
#2 C:\xampp\htdocs\cs2025\wp-includes\general-template.php(48): locate_template(Array, true, true, Array)
#3 C:\xampp\htdocs\cs2025\wp-content\themes\coderscotch\template-parts\home.php(3): get_header()
#4 C:\xampp\htdocs\cs2025\wp-includes\template-loader.php(132): include('C:\\xampp\\htdocs...')
#5 C:\xampp\htdocs\cs2025\wp-blog-header.php(19): require_once('C:\\xampp\\htdocs...')
#6 C:\xampp\htdocs\cs2025\index.php(17): require('C:\\xampp\\htdocs...')
#7 {main}
  thrown in C:\xampp\htdocs\cs2025\wp-content\themes\coderscotch\header.php on line 115
[10-May-2026 07:13:22 UTC] PHP Fatal error:  Uncaught Error: Call to undefined function get_field() in C:\xampp\htdocs\cs2025\wp-content\themes\coderscotch\header.php:115
Stack trace:
#0 C:\xampp\htdocs\cs2025\wp-includes\template.php(814): require_once()
#1 C:\xampp\htdocs\cs2025\wp-includes\template.php(749): load_template('C:\\xampp\\htdocs...', true, Array)
#2 C:\xampp\htdocs\cs2025\wp-includes\general-template.php(48): locate_template(Array, true, true, Array)
#3 C:\xampp\htdocs\cs2025\wp-content\themes\coderscotch\template-parts\home.php(3): get_header()
#4 C:\xampp\htdocs\cs2025\wp-includes\template-loader.php(132): include('C:\\xampp\\htdocs...')
#5 C:\xampp\htdocs\cs2025\wp-blog-header.php(19): require_once('C:\\xampp\\htdocs...')
#6 C:\xampp\htdocs\cs2025\index.php(17): require('C:\\xampp\\htdocs...')
#7 {main}
  thrown in C:\xampp\htdocs\cs2025\wp-content\themes\coderscotch\header.php on line 115
[10-May-2026 07:14:15 UTC] PHP Fatal error:  Uncaught Error: Call to undefined function get_field() in C:\xampp\htdocs\cs2025\wp-content\themes\coderscotch\header.php:115
Stack trace:
#0 C:\xampp\htdocs\cs2025\wp-includes\template.php(814): require_once()
#1 C:\xampp\htdocs\cs2025\wp-includes\template.php(749): load_template('C:\\xampp\\htdocs...', true, Array)
#2 C:\xampp\htdocs\cs2025\wp-includes\general-template.php(48): locate_template(Array, true, true, Array)
#3 C:\xampp\htdocs\cs2025\wp-content\themes\coderscotch\template-parts\home.php(3): get_header()
#4 C:\xampp\htdocs\cs2025\wp-includes\template-loader.php(132): include('C:\\xampp\\htdocs...')
#5 C:\xampp\htdocs\cs2025\wp-blog-header.php(19): require_once('C:\\xampp\\htdocs...')
#6 C:\xampp\htdocs\cs2025\index.php(17): require('C:\\xampp\\htdocs...')
#7 {main}
  thrown in C:\xampp\htdocs\cs2025\wp-content\themes\coderscotch\header.php on line 115
[10-May-2026 07:14:49 UTC] PHP Fatal error:  Uncaught Error: Call to undefined function get_field() in C:\xampp\htdocs\cs2025\wp-content\themes\coderscotch\header.php:115
Stack trace:
#0 C:\xampp\htdocs\cs2025\wp-includes\template.php(814): require_once()
#1 C:\xampp\htdocs\cs2025\wp-includes\template.php(749): load_template('C:\\xampp\\htdocs...', true, Array)
#2 C:\xampp\htdocs\cs2025\wp-includes\general-template.php(48): locate_template(Array, true, true, Array)
#3 C:\xampp\htdocs\cs2025\wp-content\themes\coderscotch\template-parts\home.php(3): get_header()
#4 C:\xampp\htdocs\cs2025\wp-includes\template-loader.php(132): include('C:\\xampp\\htdocs...')
#5 C:\xampp\htdocs\cs2025\wp-blog-header.php(19): require_once('C:\\xampp\\htdocs...')
#6 C:\xampp\htdocs\cs2025\index.php(17): require('C:\\xampp\\htdocs...')
#7 {main}
  thrown in C:\xampp\htdocs\cs2025\wp-content\themes\coderscotch\header.php on line 115
[11-May-2026 05:05:02 UTC] PHP Fatal error:  Uncaught Error: Call to undefined function get_field() in C:\xampp\htdocs\cs2025\wp-content\themes\coderscotch\header.php:115
Stack trace:
#0 C:\xampp\htdocs\cs2025\wp-includes\template.php(814): require_once()
#1 C:\xampp\htdocs\cs2025\wp-includes\template.php(749): load_template('C:\\xampp\\htdocs...', true, Array)
#2 C:\xampp\htdocs\cs2025\wp-includes\general-template.php(48): locate_template(Array, true, true, Array)
#3 C:\xampp\htdocs\cs2025\wp-content\themes\coderscotch\template-parts\home.php(3): get_header()
#4 C:\xampp\htdocs\cs2025\wp-includes\template-loader.php(132): include('C:\\xampp\\htdocs...')
#5 C:\xampp\htdocs\cs2025\wp-blog-header.php(19): require_once('C:\\xampp\\htdocs...')
#6 C:\xampp\htdocs\cs2025\index.php(17): require('C:\\xampp\\htdocs...')
#7 {main}
  thrown in C:\xampp\htdocs\cs2025\wp-content\themes\coderscotch\header.php on line 115
[11-May-2026 05:05:02 UTC] PHP Fatal error:  Uncaught Error: Call to undefined function get_field() in C:\xampp\htdocs\cs2025\wp-content\themes\coderscotch\header.php:115
Stack trace:
#0 C:\xampp\htdocs\cs2025\wp-includes\template.php(814): require_once()
#1 C:\xampp\htdocs\cs2025\wp-includes\template.php(749): load_template('C:\\xampp\\htdocs...', true, Array)
#2 C:\xampp\htdocs\cs2025\wp-includes\general-template.php(48): locate_template(Array, true, true, Array)
#3 C:\xampp\htdocs\cs2025\wp-content\themes\coderscotch\template-parts\home.php(3): get_header()
#4 C:\xampp\htdocs\cs2025\wp-includes\template-loader.php(132): include('C:\\xampp\\htdocs...')
#5 C:\xampp\htdocs\cs2025\wp-blog-header.php(19): require_once('C:\\xampp\\htdocs...')
#6 C:\xampp\htdocs\cs2025\index.php(17): require('C:\\xampp\\htdocs...')
#7 {main}
  thrown in C:\xampp\htdocs\cs2025\wp-content\themes\coderscotch\header.php on line 115
[11-May-2026 05:05:06 UTC] Automatic updates starting...
[11-May-2026 05:05:06 UTC]   Automatic plugin updates starting...
[11-May-2026 05:05:06 UTC]   Automatic plugin updates complete.
[11-May-2026 05:05:06 UTC]   Automatic theme updates starting...
[11-May-2026 05:05:06 UTC]   Automatic theme updates complete.
[11-May-2026 05:05:06 UTC] Automatic updates complete.
[11-May-2026 08:47:08 UTC] PHP Fatal error:  Uncaught Error: Call to undefined function get_field() in C:\xampp\htdocs\cs2025\wp-content\themes\coderscotch\header.php:115
Stack trace:
#0 C:\xampp\htdocs\cs2025\wp-includes\template.php(814): require_once()
#1 C:\xampp\htdocs\cs2025\wp-includes\template.php(749): load_template('C:\\xampp\\htdocs...', true, Array)
#2 C:\xampp\htdocs\cs2025\wp-includes\general-template.php(48): locate_template(Array, true, true, Array)
#3 C:\xampp\htdocs\cs2025\wp-content\themes\coderscotch\template-parts\home.php(3): get_header()
#4 C:\xampp\htdocs\cs2025\wp-includes\template-loader.php(132): include('C:\\xampp\\htdocs...')
#5 C:\xampp\htdocs\cs2025\wp-blog-header.php(19): require_once('C:\\xampp\\htdocs...')
#6 C:\xampp\htdocs\cs2025\index.php(17): require('C:\\xampp\\htdocs...')
#7 {main}
  thrown in C:\xampp\htdocs\cs2025\wp-content\themes\coderscotch\header.php on line 115
[11-May-2026 08:47:23 UTC] PHP Fatal error:  Uncaught Error: Call to undefined function get_field() in C:\xampp\htdocs\cs2025\wp-content\themes\coderscotch\header.php:115
Stack trace:
#0 C:\xampp\htdocs\cs2025\wp-includes\template.php(814): require_once()
#1 C:\xampp\htdocs\cs2025\wp-includes\template.php(749): load_template('C:\\xampp\\htdocs...', true, Array)
#2 C:\xampp\htdocs\cs2025\wp-includes\general-template.php(48): locate_template(Array, true, true, Array)
#3 C:\xampp\htdocs\cs2025\wp-content\themes\coderscotch\template-parts\home.php(3): get_header()
#4 C:\xampp\htdocs\cs2025\wp-includes\template-loader.php(132): include('C:\\xampp\\htdocs...')
#5 C:\xampp\htdocs\cs2025\wp-blog-header.php(19): require_once('C:\\xampp\\htdocs...')
#6 C:\xampp\htdocs\cs2025\index.php(17): require('C:\\xampp\\htdocs...')
#7 {main}
  thrown in C:\xampp\htdocs\cs2025\wp-content\themes\coderscotch\header.php on line 115
[11-May-2026 08:47:24 UTC] Automatic updates starting...
[11-May-2026 08:47:25 UTC]   Automatic plugin updates starting...
[11-May-2026 08:47:25 UTC]   Automatic plugin updates complete.
[11-May-2026 08:47:26 UTC]   Automatic theme updates starting...
[11-May-2026 08:47:26 UTC]   Automatic theme updates complete.
[11-May-2026 08:47:26 UTC] Automatic updates complete.
[11-May-2026 11:33:39 UTC] PHP Fatal error:  Uncaught Error: Call to undefined function get_field() in C:\xampp\htdocs\cs2025\wp-content\themes\coderscotch\header.php:115
Stack trace:
#0 C:\xampp\htdocs\cs2025\wp-includes\template.php(814): require_once()
#1 C:\xampp\htdocs\cs2025\wp-includes\template.php(749): load_template('C:\\xampp\\htdocs...', true, Array)
#2 C:\xampp\htdocs\cs2025\wp-includes\general-template.php(48): locate_template(Array, true, true, Array)
#3 C:\xampp\htdocs\cs2025\wp-content\themes\coderscotch\template-parts\home.php(3): get_header()
#4 C:\xampp\htdocs\cs2025\wp-includes\template-loader.php(132): include('C:\\xampp\\htdocs...')
#5 C:\xampp\htdocs\cs2025\wp-blog-header.php(19): require_once('C:\\xampp\\htdocs...')
#6 C:\xampp\htdocs\cs2025\index.php(17): require('C:\\xampp\\htdocs...')
#7 {main}
  thrown in C:\xampp\htdocs\cs2025\wp-content\themes\coderscotch\header.php on line 115
[11-May-2026 12:46:50 UTC] PHP Fatal error:  Uncaught Error: Call to undefined function get_field() in C:\xampp\htdocs\cs2025\wp-content\themes\coderscotch\header.php:115
Stack trace:
#0 C:\xampp\htdocs\cs2025\wp-includes\template.php(814): require_once()
#1 C:\xampp\htdocs\cs2025\wp-includes\template.php(749): load_template('C:\\xampp\\htdocs...', true, Array)
#2 C:\xampp\htdocs\cs2025\wp-includes\general-template.php(48): locate_template(Array, true, true, Array)
#3 C:\xampp\htdocs\cs2025\wp-content\themes\coderscotch\template-parts\home.php(3): get_header()
#4 C:\xampp\htdocs\cs2025\wp-includes\template-loader.php(132): include('C:\\xampp\\htdocs...')
#5 C:\xampp\htdocs\cs2025\wp-blog-header.php(19): require_once('C:\\xampp\\htdocs...')
#6 C:\xampp\htdocs\cs2025\index.php(17): require('C:\\xampp\\htdocs...')
#7 {main}
  thrown in C:\xampp\htdocs\cs2025\wp-content\themes\coderscotch\header.php on line 115
[11-May-2026 12:46:50 UTC] PHP Fatal error:  Uncaught Error: Call to undefined function get_field() in C:\xampp\htdocs\cs2025\wp-content\themes\coderscotch\header.php:115
Stack trace:
#0 C:\xampp\htdocs\cs2025\wp-includes\template.php(814): require_once()
#1 C:\xampp\htdocs\cs2025\wp-includes\template.php(749): load_template('C:\\xampp\\htdocs...', true, Array)
#2 C:\xampp\htdocs\cs2025\wp-includes\general-template.php(48): locate_template(Array, true, true, Array)
#3 C:\xampp\htdocs\cs2025\wp-content\themes\coderscotch\template-parts\home.php(3): get_header()
#4 C:\xampp\htdocs\cs2025\wp-includes\template-loader.php(132): include('C:\\xampp\\htdocs...')
#5 C:\xampp\htdocs\cs2025\wp-blog-header.php(19): require_once('C:\\xampp\\htdocs...')
#6 C:\xampp\htdocs\cs2025\index.php(17): require('C:\\xampp\\htdocs...')
#7 {main}
  thrown in C:\xampp\htdocs\cs2025\wp-content\themes\coderscotch\header.php on line 115
[11-May-2026 12:46:53 UTC] PHP Fatal error:  Uncaught Error: Call to undefined function get_field() in C:\xampp\htdocs\cs2025\wp-content\themes\coderscotch\header.php:115
Stack trace:
#0 C:\xampp\htdocs\cs2025\wp-includes\template.php(814): require_once()
#1 C:\xampp\htdocs\cs2025\wp-includes\template.php(749): load_template('C:\\xampp\\htdocs...', true, Array)
#2 C:\xampp\htdocs\cs2025\wp-includes\general-template.php(48): locate_template(Array, true, true, Array)
#3 C:\xampp\htdocs\cs2025\wp-content\themes\coderscotch\template-parts\home.php(3): get_header()
#4 C:\xampp\htdocs\cs2025\wp-includes\template-loader.php(132): include('C:\\xampp\\htdocs...')
#5 C:\xampp\htdocs\cs2025\wp-blog-header.php(19): require_once('C:\\xampp\\htdocs...')
#6 C:\xampp\htdocs\cs2025\index.php(17): require('C:\\xampp\\htdocs...')
#7 {main}
  thrown in C:\xampp\htdocs\cs2025\wp-content\themes\coderscotch\header.php on line 115
[11-May-2026 12:46:56 UTC] PHP Fatal error:  Uncaught Error: Call to undefined function get_field() in C:\xampp\htdocs\cs2025\wp-content\themes\coderscotch\header.php:115
Stack trace:
#0 C:\xampp\htdocs\cs2025\wp-includes\template.php(814): require_once()
#1 C:\xampp\htdocs\cs2025\wp-includes\template.php(749): load_template('C:\\xampp\\htdocs...', true, Array)
#2 C:\xampp\htdocs\cs2025\wp-includes\general-template.php(48): locate_template(Array, true, true, Array)
#3 C:\xampp\htdocs\cs2025\wp-content\themes\coderscotch\template-parts\home.php(3): get_header()
#4 C:\xampp\htdocs\cs2025\wp-includes\template-loader.php(132): include('C:\\xampp\\htdocs...')
#5 C:\xampp\htdocs\cs2025\wp-blog-header.php(19): require_once('C:\\xampp\\htdocs...')
#6 C:\xampp\htdocs\cs2025\index.php(17): require('C:\\xampp\\htdocs...')
#7 {main}
  thrown in C:\xampp\htdocs\cs2025\wp-content\themes\coderscotch\header.php on line 115
[11-May-2026 12:47:04 UTC] PHP Fatal error:  Uncaught Error: Call to undefined function get_field() in C:\xampp\htdocs\cs2025\wp-content\themes\coderscotch\header.php:115
Stack trace:
#0 C:\xampp\htdocs\cs2025\wp-includes\template.php(814): require_once()
#1 C:\xampp\htdocs\cs2025\wp-includes\template.php(749): load_template('C:\\xampp\\htdocs...', true, Array)
#2 C:\xampp\htdocs\cs2025\wp-includes\general-template.php(48): locate_template(Array, true, true, Array)
#3 C:\xampp\htdocs\cs2025\wp-content\themes\coderscotch\template-parts\home.php(3): get_header()
#4 C:\xampp\htdocs\cs2025\wp-includes\template-loader.php(132): include('C:\\xampp\\htdocs...')
#5 C:\xampp\htdocs\cs2025\wp-blog-header.php(19): require_once('C:\\xampp\\htdocs...')
#6 C:\xampp\htdocs\cs2025\index.php(17): require('C:\\xampp\\htdocs...')
#7 {main}
  thrown in C:\xampp\htdocs\cs2025\wp-content\themes\coderscotch\header.php on line 115
[11-May-2026 12:47:09 UTC] PHP Fatal error:  Uncaught Error: Call to undefined function get_field() in C:\xampp\htdocs\cs2025\wp-content\themes\coderscotch\header.php:115
Stack trace:
#0 C:\xampp\htdocs\cs2025\wp-includes\template.php(814): require_once()
#1 C:\xampp\htdocs\cs2025\wp-includes\template.php(749): load_template('C:\\xampp\\htdocs...', true, Array)
#2 C:\xampp\htdocs\cs2025\wp-includes\general-template.php(48): locate_template(Array, true, true, Array)
#3 C:\xampp\htdocs\cs2025\wp-content\themes\coderscotch\template-parts\home.php(3): get_header()
#4 C:\xampp\htdocs\cs2025\wp-includes\template-loader.php(132): include('C:\\xampp\\htdocs...')
#5 C:\xampp\htdocs\cs2025\wp-blog-header.php(19): require_once('C:\\xampp\\htdocs...')
#6 C:\xampp\htdocs\cs2025\index.php(17): require('C:\\xampp\\htdocs...')
#7 {main}
  thrown in C:\xampp\htdocs\cs2025\wp-content\themes\coderscotch\header.php on line 115
[11-May-2026 12:47:32 UTC] PHP Fatal error:  Uncaught Error: Call to undefined function get_field() in C:\xampp\htdocs\cs2025\wp-content\themes\coderscotch\header.php:115
Stack trace:
#0 C:\xampp\htdocs\cs2025\wp-includes\template.php(814): require_once()
#1 C:\xampp\htdocs\cs2025\wp-includes\template.php(749): load_template('C:\\xampp\\htdocs...', true, Array)
#2 C:\xampp\htdocs\cs2025\wp-includes\general-template.php(48): locate_template(Array, true, true, Array)
#3 C:\xampp\htdocs\cs2025\wp-content\themes\coderscotch\template-parts\home.php(3): get_header()
#4 C:\xampp\htdocs\cs2025\wp-includes\template-loader.php(132): include('C:\\xampp\\htdocs...')
#5 C:\xampp\htdocs\cs2025\wp-blog-header.php(19): require_once('C:\\xampp\\htdocs...')
#6 C:\xampp\htdocs\cs2025\index.php(17): require('C:\\xampp\\htdocs...')
#7 {main}
  thrown in C:\xampp\htdocs\cs2025\wp-content\themes\coderscotch\header.php on line 115
[11-May-2026 12:51:08 UTC] PHP Fatal error:  Uncaught Error: Call to undefined function get_field() in C:\xampp\htdocs\cs2025\wp-content\themes\coderscotch\header.php:115
Stack trace:
#0 C:\xampp\htdocs\cs2025\wp-includes\template.php(814): require_once()
#1 C:\xampp\htdocs\cs2025\wp-includes\template.php(749): load_template('C:\\xampp\\htdocs...', true, Array)
#2 C:\xampp\htdocs\cs2025\wp-includes\general-template.php(48): locate_template(Array, true, true, Array)
#3 C:\xampp\htdocs\cs2025\wp-content\themes\coderscotch\template-parts\home.php(3): get_header()
#4 C:\xampp\htdocs\cs2025\wp-includes\template-loader.php(132): include('C:\\xampp\\htdocs...')
#5 C:\xampp\htdocs\cs2025\wp-blog-header.php(19): require_once('C:\\xampp\\htdocs...')
#6 C:\xampp\htdocs\cs2025\index.php(17): require('C:\\xampp\\htdocs...')
#7 {main}
  thrown in C:\xampp\htdocs\cs2025\wp-content\themes\coderscotch\header.php on line 115
[11-May-2026 13:20:59 UTC] PHP Notice:  Function _load_textdomain_just_in_time was called <strong>incorrectly</strong>. Translation loading for the <code>acf</code> domain was triggered too early. This is usually an indicator for some code in the plugin or theme running too early. Translations should be loaded at the <code>init</code> action or later. Please see <a href="https://developer.wordpress.org/advanced-administration/debug/debug-wordpress/">Debugging in WordPress</a> for more information. (This message was added in version 6.7.0.) in C:\xampp\htdocs\cs2025\wp-includes\functions.php on line 6131
[11-May-2026 13:21:00 UTC] PHP Deprecated:  Creation of dynamic property ACF::$fields is deprecated in C:\xampp\htdocs\cs2025\wp-content\plugins\advanced-custom-fields-pro\includes\fields.php on line 138
[11-May-2026 13:21:00 UTC] PHP Deprecated:  Creation of dynamic property acf_loop::$loops is deprecated in C:\xampp\htdocs\cs2025\wp-content\plugins\advanced-custom-fields-pro\includes\loop.php on line 28
[11-May-2026 13:21:00 UTC] PHP Deprecated:  Creation of dynamic property ACF::$loop is deprecated in C:\xampp\htdocs\cs2025\wp-content\plugins\advanced-custom-fields-pro\includes\loop.php on line 269
[11-May-2026 13:21:00 UTC] PHP Deprecated:  Creation of dynamic property ACF::$revisions is deprecated in C:\xampp\htdocs\cs2025\wp-content\plugins\advanced-custom-fields-pro\includes\revisions.php on line 387
[11-May-2026 13:21:00 UTC] PHP Deprecated:  Creation of dynamic property acf_validation::$errors is deprecated in C:\xampp\htdocs\cs2025\wp-content\plugins\advanced-custom-fields-pro\includes\validation.php on line 28
[11-May-2026 13:21:00 UTC] PHP Deprecated:  Creation of dynamic property ACF::$validation is deprecated in C:\xampp\htdocs\cs2025\wp-content\plugins\advanced-custom-fields-pro\includes\validation.php on line 215
[11-May-2026 13:21:01 UTC] PHP Deprecated:  Creation of dynamic property acf_form_customizer::$preview_values is deprecated in C:\xampp\htdocs\cs2025\wp-content\plugins\advanced-custom-fields-pro\includes\forms\form-customizer.php on line 28
[11-May-2026 13:21:01 UTC] PHP Deprecated:  Creation of dynamic property acf_form_customizer::$preview_fields is deprecated in C:\xampp\htdocs\cs2025\wp-content\plugins\advanced-custom-fields-pro\includes\forms\form-customizer.php on line 29
[11-May-2026 13:21:01 UTC] PHP Deprecated:  Creation of dynamic property acf_form_customizer::$preview_errors is deprecated in C:\xampp\htdocs\cs2025\wp-content\plugins\advanced-custom-fields-pro\includes\forms\form-customizer.php on line 30
[11-May-2026 13:21:01 UTC] PHP Deprecated:  Creation of dynamic property ACF::$form_front is deprecated in C:\xampp\htdocs\cs2025\wp-content\plugins\advanced-custom-fields-pro\includes\forms\form-front.php on line 600
[11-May-2026 13:21:01 UTC] PHP Deprecated:  Creation of dynamic property acf_form_widget::$preview_values is deprecated in C:\xampp\htdocs\cs2025\wp-content\plugins\advanced-custom-fields-pro\includes\forms\form-widget.php on line 34
[11-May-2026 13:21:01 UTC] PHP Deprecated:  Creation of dynamic property acf_form_widget::$preview_reference is deprecated in C:\xampp\htdocs\cs2025\wp-content\plugins\advanced-custom-fields-pro\includes\forms\form-widget.php on line 35
[11-May-2026 13:21:01 UTC] PHP Deprecated:  Creation of dynamic property acf_form_widget::$preview_errors is deprecated in C:\xampp\htdocs\cs2025\wp-content\plugins\advanced-custom-fields-pro\includes\forms\form-widget.php on line 36
[11-May-2026 13:21:10 UTC] PHP Notice:  Function _load_textdomain_just_in_time was called <strong>incorrectly</strong>. Translation loading for the <code>wordpress-seo</code> domain was triggered too early. This is usually an indicator for some code in the plugin or theme running too early. Translations should be loaded at the <code>init</code> action or later. Please see <a href="https://developer.wordpress.org/advanced-administration/debug/debug-wordpress/">Debugging in WordPress</a> for more information. (This message was added in version 6.7.0.) in C:\xampp\htdocs\cs2025\wp-includes\functions.php on line 6131
[11-May-2026 13:21:11 UTC] PHP Notice:  Function _load_textdomain_just_in_time was called <strong>incorrectly</strong>. Translation loading for the <code>all-in-one-wp-migration</code> domain was triggered too early. This is usually an indicator for some code in the plugin or theme running too early. Translations should be loaded at the <code>init</code> action or later. Please see <a href="https://developer.wordpress.org/advanced-administration/debug/debug-wordpress/">Debugging in WordPress</a> for more information. (This message was added in version 6.7.0.) in C:\xampp\htdocs\cs2025\wp-includes\functions.php on line 6131
[11-May-2026 13:21:13 UTC] PHP Deprecated:  Creation of dynamic property acf_field_oembed::$width is deprecated in C:\xampp\htdocs\cs2025\wp-content\plugins\advanced-custom-fields-pro\includes\fields\class-acf-field-oembed.php on line 31
[11-May-2026 13:21:13 UTC] PHP Deprecated:  Creation of dynamic property acf_field_oembed::$height is deprecated in C:\xampp\htdocs\cs2025\wp-content\plugins\advanced-custom-fields-pro\includes\fields\class-acf-field-oembed.php on line 32
[11-May-2026 13:21:13 UTC] PHP Deprecated:  Creation of dynamic property acf_field_google_map::$default_values is deprecated in C:\xampp\htdocs\cs2025\wp-content\plugins\advanced-custom-fields-pro\includes\fields\class-acf-field-google-map.php on line 33
[11-May-2026 13:21:13 UTC] PHP Deprecated:  Creation of dynamic property acf_field__group::$have_rows is deprecated in C:\xampp\htdocs\cs2025\wp-content\plugins\advanced-custom-fields-pro\includes\fields\class-acf-field-group.php on line 31
[11-May-2026 13:21:14 UTC] PHP Deprecated:  Creation of dynamic property acf_field_clone::$cloning is deprecated in C:\xampp\htdocs\cs2025\wp-content\plugins\advanced-custom-fields-pro\pro\fields\class-acf-field-clone.php on line 34
[11-May-2026 13:21:14 UTC] PHP Deprecated:  Creation of dynamic property acf_field_clone::$have_rows is deprecated in C:\xampp\htdocs\cs2025\wp-content\plugins\advanced-custom-fields-pro\pro\fields\class-acf-field-clone.php on line 35
[11-May-2026 13:21:25 UTC] PHP Deprecated:  Hook wpseo_opengraph is <strong>deprecated</strong> since version 14.0! Use wpseo_frontend_presenters instead. in C:\xampp\htdocs\cs2025\wp-includes\functions.php on line 6131
[11-May-2026 13:21:26 UTC] PHP Notice:  Function _load_textdomain_just_in_time was called <strong>incorrectly</strong>. Translation loading for the <code>acf</code> domain was triggered too early. This is usually an indicator for some code in the plugin or theme running too early. Translations should be loaded at the <code>init</code> action or later. Please see <a href="https://developer.wordpress.org/advanced-administration/debug/debug-wordpress/">Debugging in WordPress</a> for more information. (This message was added in version 6.7.0.) in C:\xampp\htdocs\cs2025\wp-includes\functions.php on line 6131
[11-May-2026 13:21:26 UTC] PHP Deprecated:  Creation of dynamic property ACF::$fields is deprecated in C:\xampp\htdocs\cs2025\wp-content\plugins\advanced-custom-fields-pro\includes\fields.php on line 138
[11-May-2026 13:21:26 UTC] PHP Notice:  Function _load_textdomain_just_in_time was called <strong>incorrectly</strong>. Translation loading for the <code>acf</code> domain was triggered too early. This is usually an indicator for some code in the plugin or theme running too early. Translations should be loaded at the <code>init</code> action or later. Please see <a href="https://developer.wordpress.org/advanced-administration/debug/debug-wordpress/">Debugging in WordPress</a> for more information. (This message was added in version 6.7.0.) in C:\xampp\htdocs\cs2025\wp-includes\functions.php on line 6131
[11-May-2026 13:21:26 UTC] PHP Deprecated:  Creation of dynamic property acf_loop::$loops is deprecated in C:\xampp\htdocs\cs2025\wp-content\plugins\advanced-custom-fields-pro\includes\loop.php on line 28
[11-May-2026 13:21:26 UTC] PHP Deprecated:  Creation of dynamic property ACF::$loop is deprecated in C:\xampp\htdocs\cs2025\wp-content\plugins\advanced-custom-fields-pro\includes\loop.php on line 269
[11-May-2026 13:21:26 UTC] PHP Deprecated:  Creation of dynamic property ACF::$revisions is deprecated in C:\xampp\htdocs\cs2025\wp-content\plugins\advanced-custom-fields-pro\includes\revisions.php on line 387
[11-May-2026 13:21:26 UTC] PHP Deprecated:  Creation of dynamic property acf_validation::$errors is deprecated in C:\xampp\htdocs\cs2025\wp-content\plugins\advanced-custom-fields-pro\includes\validation.php on line 28
[11-May-2026 13:21:26 UTC] PHP Deprecated:  Creation of dynamic property ACF::$validation is deprecated in C:\xampp\htdocs\cs2025\wp-content\plugins\advanced-custom-fields-pro\includes\validation.php on line 215
[11-May-2026 13:21:26 UTC] PHP Deprecated:  Creation of dynamic property acf_form_customizer::$preview_values is deprecated in C:\xampp\htdocs\cs2025\wp-content\plugins\advanced-custom-fields-pro\includes\forms\form-customizer.php on line 28
[11-May-2026 13:21:26 UTC] PHP Deprecated:  Creation of dynamic property acf_form_customizer::$preview_fields is deprecated in C:\xampp\htdocs\cs2025\wp-content\plugins\advanced-custom-fields-pro\includes\forms\form-customizer.php on line 29
[11-May-2026 13:21:26 UTC] PHP Deprecated:  Creation of dynamic property acf_form_customizer::$preview_errors is deprecated in C:\xampp\htdocs\cs2025\wp-content\plugins\advanced-custom-fields-pro\includes\forms\form-customizer.php on line 30
[11-May-2026 13:21:26 UTC] PHP Deprecated:  Creation of dynamic property ACF::$form_front is deprecated in C:\xampp\htdocs\cs2025\wp-content\plugins\advanced-custom-fields-pro\includes\forms\form-front.php on line 600
[11-May-2026 13:21:26 UTC] PHP Deprecated:  Creation of dynamic property ACF::$fields is deprecated in C:\xampp\htdocs\cs2025\wp-content\plugins\advanced-custom-fields-pro\includes\fields.php on line 138
[11-May-2026 13:21:26 UTC] PHP Deprecated:  Creation of dynamic property acf_form_widget::$preview_values is deprecated in C:\xampp\htdocs\cs2025\wp-content\plugins\advanced-custom-fields-pro\includes\forms\form-widget.php on line 34
[11-May-2026 13:21:26 UTC] PHP Deprecated:  Creation of dynamic property acf_form_widget::$preview_reference is deprecated in C:\xampp\htdocs\cs2025\wp-content\plugins\advanced-custom-fields-pro\includes\forms\form-widget.php on line 35
[11-May-2026 13:21:26 UTC] PHP Deprecated:  Creation of dynamic property acf_form_widget::$preview_errors is deprecated in C:\xampp\htdocs\cs2025\wp-content\plugins\advanced-custom-fields-pro\includes\forms\form-widget.php on line 36
[11-May-2026 13:21:26 UTC] PHP Deprecated:  Creation of dynamic property acf_loop::$loops is deprecated in C:\xampp\htdocs\cs2025\wp-content\plugins\advanced-custom-fields-pro\includes\loop.php on line 28
[11-May-2026 13:21:26 UTC] PHP Deprecated:  Creation of dynamic property ACF::$loop is deprecated in C:\xampp\htdocs\cs2025\wp-content\plugins\advanced-custom-fields-pro\includes\loop.php on line 269
[11-May-2026 13:21:26 UTC] PHP Deprecated:  Creation of dynamic property ACF::$revisions is deprecated in C:\xampp\htdocs\cs2025\wp-content\plugins\advanced-custom-fields-pro\includes\revisions.php on line 387
[11-May-2026 13:21:26 UTC] PHP Deprecated:  Creation of dynamic property acf_validation::$errors is deprecated in C:\xampp\htdocs\cs2025\wp-content\plugins\advanced-custom-fields-pro\includes\validation.php on line 28
[11-May-2026 13:21:26 UTC] PHP Deprecated:  Creation of dynamic property ACF::$validation is deprecated in C:\xampp\htdocs\cs2025\wp-content\plugins\advanced-custom-fields-pro\includes\validation.php on line 215
[11-May-2026 13:21:26 UTC] PHP Deprecated:  Creation of dynamic property acf_form_customizer::$preview_values is deprecated in C:\xampp\htdocs\cs2025\wp-content\plugins\advanced-custom-fields-pro\includes\forms\form-customizer.php on line 28
[11-May-2026 13:21:26 UTC] PHP Deprecated:  Creation of dynamic property acf_form_customizer::$preview_fields is deprecated in C:\xampp\htdocs\cs2025\wp-content\plugins\advanced-custom-fields-pro\includes\forms\form-customizer.php on line 29
[11-May-2026 13:21:26 UTC] PHP Deprecated:  Creation of dynamic property acf_form_customizer::$preview_errors is deprecated in C:\xampp\htdocs\cs2025\wp-content\plugins\advanced-custom-fields-pro\includes\forms\form-customizer.php on line 30
[11-May-2026 13:21:26 UTC] PHP Deprecated:  Creation of dynamic property ACF::$form_front is deprecated in C:\xampp\htdocs\cs2025\wp-content\plugins\advanced-custom-fields-pro\includes\forms\form-front.php on line 600
[11-May-2026 13:21:26 UTC] PHP Deprecated:  Creation of dynamic property acf_form_widget::$preview_values is deprecated in C:\xampp\htdocs\cs2025\wp-content\plugins\advanced-custom-fields-pro\includes\forms\form-widget.php on line 34
[11-May-2026 13:21:26 UTC] PHP Deprecated:  Creation of dynamic property acf_form_widget::$preview_reference is deprecated in C:\xampp\htdocs\cs2025\wp-content\plugins\advanced-custom-fields-pro\includes\forms\form-widget.php on line 35
[11-May-2026 13:21:26 UTC] PHP Deprecated:  Creation of dynamic property acf_form_widget::$preview_errors is deprecated in C:\xampp\htdocs\cs2025\wp-content\plugins\advanced-custom-fields-pro\includes\forms\form-widget.php on line 36
[11-May-2026 13:21:26 UTC] PHP Deprecated:  Creation of dynamic property acf_field_oembed::$width is deprecated in C:\xampp\htdocs\cs2025\wp-content\plugins\advanced-custom-fields-pro\includes\fields\class-acf-field-oembed.php on line 31
[11-May-2026 13:21:26 UTC] PHP Deprecated:  Creation of dynamic property acf_field_oembed::$height is deprecated in C:\xampp\htdocs\cs2025\wp-content\plugins\advanced-custom-fields-pro\includes\fields\class-acf-field-oembed.php on line 32
[11-May-2026 13:21:26 UTC] PHP Deprecated:  Creation of dynamic property acf_field_google_map::$default_values is deprecated in C:\xampp\htdocs\cs2025\wp-content\plugins\advanced-custom-fields-pro\includes\fields\class-acf-field-google-map.php on line 33
[11-May-2026 13:21:26 UTC] PHP Deprecated:  Creation of dynamic property acf_field__group::$have_rows is deprecated in C:\xampp\htdocs\cs2025\wp-content\plugins\advanced-custom-fields-pro\includes\fields\class-acf-field-group.php on line 31
[11-May-2026 13:21:26 UTC] PHP Deprecated:  Creation of dynamic property acf_field_oembed::$width is deprecated in C:\xampp\htdocs\cs2025\wp-content\plugins\advanced-custom-fields-pro\includes\fields\class-acf-field-oembed.php on line 31
[11-May-2026 13:21:26 UTC] PHP Deprecated:  Creation of dynamic property acf_field_oembed::$height is deprecated in C:\xampp\htdocs\cs2025\wp-content\plugins\advanced-custom-fields-pro\includes\fields\class-acf-field-oembed.php on line 32
[11-May-2026 13:21:26 UTC] PHP Deprecated:  Creation of dynamic property acf_field_clone::$cloning is deprecated in C:\xampp\htdocs\cs2025\wp-content\plugins\advanced-custom-fields-pro\pro\fields\class-acf-field-clone.php on line 34
[11-May-2026 13:21:26 UTC] PHP Deprecated:  Creation of dynamic property acf_field_clone::$have_rows is deprecated in C:\xampp\htdocs\cs2025\wp-content\plugins\advanced-custom-fields-pro\pro\fields\class-acf-field-clone.php on line 35
[11-May-2026 13:21:26 UTC] PHP Deprecated:  Creation of dynamic property acf_field_google_map::$default_values is deprecated in C:\xampp\htdocs\cs2025\wp-content\plugins\advanced-custom-fields-pro\includes\fields\class-acf-field-google-map.php on line 33
[11-May-2026 13:21:26 UTC] PHP Deprecated:  Creation of dynamic property acf_field__group::$have_rows is deprecated in C:\xampp\htdocs\cs2025\wp-content\plugins\advanced-custom-fields-pro\includes\fields\class-acf-field-group.php on line 31
[11-May-2026 13:21:26 UTC] PHP Deprecated:  Creation of dynamic property acf_field_clone::$cloning is deprecated in C:\xampp\htdocs\cs2025\wp-content\plugins\advanced-custom-fields-pro\pro\fields\class-acf-field-clone.php on line 34
[11-May-2026 13:21:26 UTC] PHP Deprecated:  Creation of dynamic property acf_field_clone::$have_rows is deprecated in C:\xampp\htdocs\cs2025\wp-content\plugins\advanced-custom-fields-pro\pro\fields\class-acf-field-clone.php on line 35
[11-May-2026 13:21:27 UTC] PHP Notice:  Function _load_textdomain_just_in_time was called <strong>incorrectly</strong>. Translation loading for the <code>acf</code> domain was triggered too early. This is usually an indicator for some code in the plugin or theme running too early. Translations should be loaded at the <code>init</code> action or later. Please see <a href="https://developer.wordpress.org/advanced-administration/debug/debug-wordpress/">Debugging in WordPress</a> for more information. (This message was added in version 6.7.0.) in C:\xampp\htdocs\cs2025\wp-includes\functions.php on line 6131
[11-May-2026 13:21:27 UTC] PHP Deprecated:  Creation of dynamic property ACF::$fields is deprecated in C:\xampp\htdocs\cs2025\wp-content\plugins\advanced-custom-fields-pro\includes\fields.php on line 138
[11-May-2026 13:21:27 UTC] PHP Deprecated:  Creation of dynamic property acf_loop::$loops is deprecated in C:\xampp\htdocs\cs2025\wp-content\plugins\advanced-custom-fields-pro\includes\loop.php on line 28
[11-May-2026 13:21:27 UTC] PHP Deprecated:  Creation of dynamic property ACF::$loop is deprecated in C:\xampp\htdocs\cs2025\wp-content\plugins\advanced-custom-fields-pro\includes\loop.php on line 269
[11-May-2026 13:21:27 UTC] PHP Deprecated:  Creation of dynamic property ACF::$revisions is deprecated in C:\xampp\htdocs\cs2025\wp-content\plugins\advanced-custom-fields-pro\includes\revisions.php on line 387
[11-May-2026 13:21:27 UTC] PHP Deprecated:  Creation of dynamic property acf_validation::$errors is deprecated in C:\xampp\htdocs\cs2025\wp-content\plugins\advanced-custom-fields-pro\includes\validation.php on line 28
[11-May-2026 13:21:27 UTC] PHP Deprecated:  Creation of dynamic property ACF::$validation is deprecated in C:\xampp\htdocs\cs2025\wp-content\plugins\advanced-custom-fields-pro\includes\validation.php on line 215
[11-May-2026 13:21:27 UTC] PHP Deprecated:  Creation of dynamic property acf_form_customizer::$preview_values is deprecated in C:\xampp\htdocs\cs2025\wp-content\plugins\advanced-custom-fields-pro\includes\forms\form-customizer.php on line 28
[11-May-2026 13:21:27 UTC] PHP Deprecated:  Creation of dynamic property acf_form_customizer::$preview_fields is deprecated in C:\xampp\htdocs\cs2025\wp-content\plugins\advanced-custom-fields-pro\includes\forms\form-customizer.php on line 29
[11-May-2026 13:21:27 UTC] PHP Deprecated:  Creation of dynamic property acf_form_customizer::$preview_errors is deprecated in C:\xampp\htdocs\cs2025\wp-content\plugins\advanced-custom-fields-pro\includes\forms\form-customizer.php on line 30
[11-May-2026 13:21:27 UTC] PHP Deprecated:  Creation of dynamic property ACF::$form_front is deprecated in C:\xampp\htdocs\cs2025\wp-content\plugins\advanced-custom-fields-pro\includes\forms\form-front.php on line 600
[11-May-2026 13:21:27 UTC] PHP Deprecated:  Creation of dynamic property acf_form_widget::$preview_values is deprecated in C:\xampp\htdocs\cs2025\wp-content\plugins\advanced-custom-fields-pro\includes\forms\form-widget.php on line 34
[11-May-2026 13:21:27 UTC] PHP Deprecated:  Creation of dynamic property acf_form_widget::$preview_reference is deprecated in C:\xampp\htdocs\cs2025\wp-content\plugins\advanced-custom-fields-pro\includes\forms\form-widget.php on line 35
[11-May-2026 13:21:27 UTC] PHP Deprecated:  Creation of dynamic property acf_form_widget::$preview_errors is deprecated in C:\xampp\htdocs\cs2025\wp-content\plugins\advanced-custom-fields-pro\includes\forms\form-widget.php on line 36
[11-May-2026 13:21:27 UTC] PHP Deprecated:  Creation of dynamic property acf_field_oembed::$width is deprecated in C:\xampp\htdocs\cs2025\wp-content\plugins\advanced-custom-fields-pro\includes\fields\class-acf-field-oembed.php on line 31
[11-May-2026 13:21:27 UTC] PHP Deprecated:  Creation of dynamic property acf_field_oembed::$height is deprecated in C:\xampp\htdocs\cs2025\wp-content\plugins\advanced-custom-fields-pro\includes\fields\class-acf-field-oembed.php on line 32
[11-May-2026 13:21:27 UTC] PHP Deprecated:  Creation of dynamic property acf_field_google_map::$default_values is deprecated in C:\xampp\htdocs\cs2025\wp-content\plugins\advanced-custom-fields-pro\includes\fields\class-acf-field-google-map.php on line 33
[11-May-2026 13:21:27 UTC] PHP Deprecated:  Creation of dynamic property acf_field__group::$have_rows is deprecated in C:\xampp\htdocs\cs2025\wp-content\plugins\advanced-custom-fields-pro\includes\fields\class-acf-field-group.php on line 31
[11-May-2026 13:21:27 UTC] PHP Deprecated:  Creation of dynamic property acf_field_clone::$cloning is deprecated in C:\xampp\htdocs\cs2025\wp-content\plugins\advanced-custom-fields-pro\pro\fields\class-acf-field-clone.php on line 34
[11-May-2026 13:21:27 UTC] PHP Deprecated:  Creation of dynamic property acf_field_clone::$have_rows is deprecated in C:\xampp\htdocs\cs2025\wp-content\plugins\advanced-custom-fields-pro\pro\fields\class-acf-field-clone.php on line 35
[11-May-2026 13:21:28 UTC] Automatic updates starting...
[11-May-2026 13:21:28 UTC] PHP Notice:  Function _load_textdomain_just_in_time was called <strong>incorrectly</strong>. Translation loading for the <code>acf</code> domain was triggered too early. This is usually an indicator for some code in the plugin or theme running too early. Translations should be loaded at the <code>init</code> action or later. Please see <a href="https://developer.wordpress.org/advanced-administration/debug/debug-wordpress/">Debugging in WordPress</a> for more information. (This message was added in version 6.7.0.) in C:\xampp\htdocs\cs2025\wp-includes\functions.php on line 6131
[11-May-2026 13:21:28 UTC] PHP Deprecated:  Creation of dynamic property ACF::$fields is deprecated in C:\xampp\htdocs\cs2025\wp-content\plugins\advanced-custom-fields-pro\includes\fields.php on line 138
[11-May-2026 13:21:28 UTC] PHP Deprecated:  Creation of dynamic property acf_loop::$loops is deprecated in C:\xampp\htdocs\cs2025\wp-content\plugins\advanced-custom-fields-pro\includes\loop.php on line 28
[11-May-2026 13:21:28 UTC] PHP Deprecated:  Creation of dynamic property ACF::$loop is deprecated in C:\xampp\htdocs\cs2025\wp-content\plugins\advanced-custom-fields-pro\includes\loop.php on line 269
[11-May-2026 13:21:28 UTC] PHP Deprecated:  Creation of dynamic property ACF::$revisions is deprecated in C:\xampp\htdocs\cs2025\wp-content\plugins\advanced-custom-fields-pro\includes\revisions.php on line 387
[11-May-2026 13:21:28 UTC] PHP Deprecated:  Creation of dynamic property acf_validation::$errors is deprecated in C:\xampp\htdocs\cs2025\wp-content\plugins\advanced-custom-fields-pro\includes\validation.php on line 28
[11-May-2026 13:21:28 UTC] PHP Deprecated:  Creation of dynamic property ACF::$validation is deprecated in C:\xampp\htdocs\cs2025\wp-content\plugins\advanced-custom-fields-pro\includes\validation.php on line 215
[11-May-2026 13:21:28 UTC] PHP Deprecated:  Creation of dynamic property acf_form_customizer::$preview_values is deprecated in C:\xampp\htdocs\cs2025\wp-content\plugins\advanced-custom-fields-pro\includes\forms\form-customizer.php on line 28
[11-May-2026 13:21:28 UTC] PHP Deprecated:  Creation of dynamic property acf_form_customizer::$preview_fields is deprecated in C:\xampp\htdocs\cs2025\wp-content\plugins\advanced-custom-fields-pro\includes\forms\form-customizer.php on line 29
[11-May-2026 13:21:28 UTC] PHP Deprecated:  Creation of dynamic property acf_form_customizer::$preview_errors is deprecated in C:\xampp\htdocs\cs2025\wp-content\plugins\advanced-custom-fields-pro\includes\forms\form-customizer.php on line 30
[11-May-2026 13:21:28 UTC] PHP Deprecated:  Creation of dynamic property ACF::$form_front is deprecated in C:\xampp\htdocs\cs2025\wp-content\plugins\advanced-custom-fields-pro\includes\forms\form-front.php on line 600
[11-May-2026 13:21:28 UTC] PHP Deprecated:  Creation of dynamic property acf_form_widget::$preview_values is deprecated in C:\xampp\htdocs\cs2025\wp-content\plugins\advanced-custom-fields-pro\includes\forms\form-widget.php on line 34
[11-May-2026 13:21:28 UTC] PHP Deprecated:  Creation of dynamic property acf_form_widget::$preview_reference is deprecated in C:\xampp\htdocs\cs2025\wp-content\plugins\advanced-custom-fields-pro\includes\forms\form-widget.php on line 35
[11-May-2026 13:21:28 UTC] PHP Deprecated:  Creation of dynamic property acf_form_widget::$preview_errors is deprecated in C:\xampp\htdocs\cs2025\wp-content\plugins\advanced-custom-fields-pro\includes\forms\form-widget.php on line 36
[11-May-2026 13:21:28 UTC] PHP Notice:  Function _load_textdomain_just_in_time was called <strong>incorrectly</strong>. Translation loading for the <code>acf</code> domain was triggered too early. This is usually an indicator for some code in the plugin or theme running too early. Translations should be loaded at the <code>init</code> action or later. Please see <a href="https://developer.wordpress.org/advanced-administration/debug/debug-wordpress/">Debugging in WordPress</a> for more information. (This message was added in version 6.7.0.) in C:\xampp\htdocs\cs2025\wp-includes\functions.php on line 6131
[11-May-2026 13:21:28 UTC] PHP Deprecated:  Creation of dynamic property ACF::$fields is deprecated in C:\xampp\htdocs\cs2025\wp-content\plugins\advanced-custom-fields-pro\includes\fields.php on line 138
[11-May-2026 13:21:28 UTC] PHP Deprecated:  Creation of dynamic property acf_loop::$loops is deprecated in C:\xampp\htdocs\cs2025\wp-content\plugins\advanced-custom-fields-pro\includes\loop.php on line 28
[11-May-2026 13:21:28 UTC] PHP Deprecated:  Creation of dynamic property ACF::$loop is deprecated in C:\xampp\htdocs\cs2025\wp-content\plugins\advanced-custom-fields-pro\includes\loop.php on line 269
[11-May-2026 13:21:28 UTC] PHP Deprecated:  Creation of dynamic property ACF::$revisions is deprecated in C:\xampp\htdocs\cs2025\wp-content\plugins\advanced-custom-fields-pro\includes\revisions.php on line 387
[11-May-2026 13:21:28 UTC] PHP Deprecated:  Creation of dynamic property acf_validation::$errors is deprecated in C:\xampp\htdocs\cs2025\wp-content\plugins\advanced-custom-fields-pro\includes\validation.php on line 28
[11-May-2026 13:21:28 UTC] PHP Deprecated:  Creation of dynamic property ACF::$validation is deprecated in C:\xampp\htdocs\cs2025\wp-content\plugins\advanced-custom-fields-pro\includes\validation.php on line 215
[11-May-2026 13:21:28 UTC] PHP Deprecated:  Creation of dynamic property acf_form_customizer::$preview_values is deprecated in C:\xampp\htdocs\cs2025\wp-content\plugins\advanced-custom-fields-pro\includes\forms\form-customizer.php on line 28
[11-May-2026 13:21:28 UTC] PHP Deprecated:  Creation of dynamic property acf_form_customizer::$preview_fields is deprecated in C:\xampp\htdocs\cs2025\wp-content\plugins\advanced-custom-fields-pro\includes\forms\form-customizer.php on line 29
[11-May-2026 13:21:28 UTC] PHP Deprecated:  Creation of dynamic property acf_form_customizer::$preview_errors is deprecated in C:\xampp\htdocs\cs2025\wp-content\plugins\advanced-custom-fields-pro\includes\forms\form-customizer.php on line 30
[11-May-2026 13:21:28 UTC] PHP Deprecated:  Creation of dynamic property ACF::$form_front is deprecated in C:\xampp\htdocs\cs2025\wp-content\plugins\advanced-custom-fields-pro\includes\forms\form-front.php on line 600
[11-May-2026 13:21:28 UTC] PHP Deprecated:  Creation of dynamic property acf_form_widget::$preview_values is deprecated in C:\xampp\htdocs\cs2025\wp-content\plugins\advanced-custom-fields-pro\includes\forms\form-widget.php on line 34
[11-May-2026 13:21:28 UTC] PHP Deprecated:  Creation of dynamic property acf_form_widget::$preview_reference is deprecated in C:\xampp\htdocs\cs2025\wp-content\plugins\advanced-custom-fields-pro\includes\forms\form-widget.php on line 35
[11-May-2026 13:21:28 UTC] PHP Deprecated:  Creation of dynamic property acf_form_widget::$preview_errors is deprecated in C:\xampp\htdocs\cs2025\wp-content\plugins\advanced-custom-fields-pro\includes\forms\form-widget.php on line 36
[11-May-2026 13:21:29 UTC] PHP Deprecated:  Creation of dynamic property acf_field_oembed::$width is deprecated in C:\xampp\htdocs\cs2025\wp-content\plugins\advanced-custom-fields-pro\includes\fields\class-acf-field-oembed.php on line 31
[11-May-2026 13:21:29 UTC] PHP Deprecated:  Creation of dynamic property acf_field_oembed::$height is deprecated in C:\xampp\htdocs\cs2025\wp-content\plugins\advanced-custom-fields-pro\includes\fields\class-acf-field-oembed.php on line 32
[11-May-2026 13:21:29 UTC] PHP Deprecated:  Creation of dynamic property acf_field_google_map::$default_values is deprecated in C:\xampp\htdocs\cs2025\wp-content\plugins\advanced-custom-fields-pro\includes\fields\class-acf-field-google-map.php on line 33
[11-May-2026 13:21:29 UTC] PHP Deprecated:  Creation of dynamic property acf_field__group::$have_rows is deprecated in C:\xampp\htdocs\cs2025\wp-content\plugins\advanced-custom-fields-pro\includes\fields\class-acf-field-group.php on line 31
[11-May-2026 13:21:29 UTC] PHP Deprecated:  Creation of dynamic property acf_field_clone::$cloning is deprecated in C:\xampp\htdocs\cs2025\wp-content\plugins\advanced-custom-fields-pro\pro\fields\class-acf-field-clone.php on line 34
[11-May-2026 13:21:29 UTC] PHP Deprecated:  Creation of dynamic property acf_field_clone::$have_rows is deprecated in C:\xampp\htdocs\cs2025\wp-content\plugins\advanced-custom-fields-pro\pro\fields\class-acf-field-clone.php on line 35
[11-May-2026 13:21:29 UTC] PHP Deprecated:  Creation of dynamic property acf_field_oembed::$width is deprecated in C:\xampp\htdocs\cs2025\wp-content\plugins\advanced-custom-fields-pro\includes\fields\class-acf-field-oembed.php on line 31
[11-May-2026 13:21:29 UTC] PHP Deprecated:  Creation of dynamic property acf_field_oembed::$height is deprecated in C:\xampp\htdocs\cs2025\wp-content\plugins\advanced-custom-fields-pro\includes\fields\class-acf-field-oembed.php on line 32
[11-May-2026 13:21:29 UTC] PHP Deprecated:  Creation of dynamic property acf_field_google_map::$default_values is deprecated in C:\xampp\htdocs\cs2025\wp-content\plugins\advanced-custom-fields-pro\includes\fields\class-acf-field-google-map.php on line 33
[11-May-2026 13:21:29 UTC] PHP Deprecated:  Creation of dynamic property acf_field__group::$have_rows is deprecated in C:\xampp\htdocs\cs2025\wp-content\plugins\advanced-custom-fields-pro\includes\fields\class-acf-field-group.php on line 31
[11-May-2026 13:21:29 UTC] PHP Deprecated:  Creation of dynamic property acf_field_clone::$cloning is deprecated in C:\xampp\htdocs\cs2025\wp-content\plugins\advanced-custom-fields-pro\pro\fields\class-acf-field-clone.php on line 34
[11-May-2026 13:21:29 UTC] PHP Deprecated:  Creation of dynamic property acf_field_clone::$have_rows is deprecated in C:\xampp\htdocs\cs2025\wp-content\plugins\advanced-custom-fields-pro\pro\fields\class-acf-field-clone.php on line 35
[11-May-2026 13:21:29 UTC] PHP Warning:  Cannot modify header information - headers already sent by (output started at C:\xampp\htdocs\cs2025\wp-content\plugins\advanced-custom-fields-pro\includes\fields\class-acf-field-google-map.php:33) in C:\xampp\htdocs\cs2025\wp-includes\pluggable.php on line 1531
[11-May-2026 13:21:29 UTC] PHP Warning:  Cannot modify header information - headers already sent by (output started at C:\xampp\htdocs\cs2025\wp-content\plugins\advanced-custom-fields-pro\includes\fields\class-acf-field-google-map.php:33) in C:\xampp\htdocs\cs2025\wp-includes\pluggable.php on line 1534
[11-May-2026 13:21:31 UTC]   Automatic plugin updates starting...
[11-May-2026 13:21:31 UTC]   Automatic plugin updates complete.
[11-May-2026 13:21:33 UTC]   Automatic theme updates starting...
[11-May-2026 13:21:33 UTC]   Automatic theme updates complete.
[11-May-2026 13:21:33 UTC] Automatic updates complete.
